// Jest Snapshot v1, https://goo.gl/fbAQLP

exports[`notation garlic 1`] = `
"===== 2mG =====

Bottom Bass

|1|2|3|4|
|-|-|-|-|

Mid Bass

|1|2|3|4|
|-|-|-|-|

Shaker

|1|2|3|4|
|-|-|-|-|

Snare

|1|2|3|4|
|-|-|-|-|

Djembe

|1|2|3|4|
|-|-|-|-|

1-a

Bottom Bass

|1-|2-|3-|4-|5-|6-|7-|
|O-|XO|-O|-O|O-|O-|O-|

Mid Bass

|1-|2-|3-|4-|5-|6-|7-|
|--|--|--|--|--|--|--|

Shaker

|1-|2-|3-|4-|5-|6-|7-|
|XX|XX|-X|-X|--|-X|XX|

Snare

|1-|2-|3-|4-|5-|6-|7-|
|--|X-|-X|-X|--|--|--|

Djembe

|1-|2-|3-|4-|5-|6-|7-|
|O-|t-|O-|-t|-t|-t|tO|

1-b

Bottom Bass

|1-|2-|3-|4-|5-|6-|7-|
|O-|XO|-X|O-|XO|O-|O-|

Mid Bass

|1-|2-|3-|4-|5-|6-|7-|
|--|--|--|--|--|--|--|

Shaker

|1-|2-|3-|4-|5-|6-|7-|
|XX|XX|-X|XX|-X|-X|-X|

Snare

|1-|2-|3-|4-|5-|6-|7-|
|--|X-|-X|-X|-X|X-|-X|

Djembe

|1-|2-|3-|4-|5-|6-|7-|
|Ot|tO|-O|-O|--|-t|tO|

2

Bottom Bass

|1-|2-|3-|4-|5-|6-|7-|8-|
|OO|XO|O-|X-|O-|XO|--|O-|
|OO|O-|X-|O-|XO|--|

Mid Bass

|1-|2-|3-|4-|5-|6-|7-|8-|
|--|--|--|--|--|--|--|--|
|--|--|--|--|--|--|

Shaker

|1-|2-|3-|4-|5-|6-|7-|8-|
|X-|XX|X-|XX|X-|XX|XX|X-|
|XX|X-|XX|X-|XX|XX|

Snare

|1-|2-|3-|4-|5-|6-|7-|8-|
|--|X-|--|X-|--|X-|XX|--|
|X-|--|X-|--|X-|XX|

Djembe

|1-|2-|3-|4-|5-|6-|7-|8-|
|Ot|SO|tS|--|Ot|SO|S-|Ot|
|SO|tS|--|Ot|SO|S-|

Acropolice

Bottom Bass

|1-|2-|3-|4-|5-|6-|7-|
|O-|OX|-X|O-|O-|X-|X-|

Mid Bass

|1-|2-|3-|4-|5-|6-|7-|
|OO|OO|-O|O-|OO|O-|O-|

Shaker

|1-|2-|3-|4-|5-|6-|7-|
|--|--|--|--|--|--|--|

Snare

|1-|2-|3-|4-|5-|6-|7-|
|X-|-X|-X|--|--|X-|--|

Djembe

|1-|2-|3-|4-|5-|6-|7-|
|--|--|--|--|--|--|--|

break1-v2

Bottom Bass

|1-|2-|3-|4-|5-|6-|7-|
|O-|XO|-X|O-|XO|-X|OX|

Mid Bass

|1-|2-|3-|4-|5-|6-|7-|
|--|--|--|--|--|--|--|

Shaker

|1-|2-|3-|4-|5-|6-|7-|
|--|X-|-X|--|X-|-X|XX|

Snare

|1-|2-|3-|4-|5-|6-|7-|
|--|X-|-X|--|X-|-X|-X|

Djembe

|1-|2-|3-|4-|5-|6-|7-|
|O-|tO|-t|O-|tO|-t|Ot|

break2

Bottom Bass

|1-|2-|3-|4-|5-|6-|7-|
|OO|-O|O-|OO|-O|O-|OO|

Mid Bass

|1-|2-|3-|4-|5-|6-|7-|
|--|--|--|--|--|--|--|

Shaker

|1-|2-|3-|4-|5-|6-|7-|
|--|--|--|--|--|--|--|

Snare

|1-|2-|3-|4-|5-|6-|7-|
|--|--|--|--|--|--|--|

Djembe

|1-|2-|3-|4-|5-|6-|7-|
|OO|-O|O-|OO|-O|O-|OO|

"
`;

exports[`notation kuva 1`] = `
"= kivakovakivikuva =

Bottom Bass

|1|2|3|4|
|-|-|-|-|

Mid Bass

|1|2|3|4|
|-|-|-|-|

Shaker

|1|2|3|4|
|-|-|-|-|

Snare

|1|2|3|4|
|-|-|-|-|

Djembe

|1|2|3|4|
|-|-|-|-|

k-1

Bottom Bass

|1---|2---|3---|4---|5---|6---|7---|8---|
|O-O-|XO--|X---|X---|O-O-|XO--|O-XO|--X-|

Mid Bass

|1---|2---|3---|4---|5---|6---|7---|8---|
|X-X-|X-XO|XOO-|O---|X-X-|X--O|O-XO|--X-|

Shaker

|1---|2---|3---|4---|5---|6---|7---|8---|
|XXXX|X-X-|----|XXX-|X-X-|--X-|XX-X|X-XX|

Snare

|1---|2---|3---|4---|5---|6---|7---|8---|
|--X-|X---|----|X--X|--X-|X-X-|----|X-XX|

Djembe

|1---|2---|3---|4---|5---|6---|7---|8---|
|t-tt|t-S-|--O-|O---|t-O-|tO-t|O-tO|--S-|

fast-offs

Bottom Bass

|1-|2-|3-|4-|5-|6-|7-|8-|
|--|--|--|--|--|--|--|--|

Mid Bass

|1-|2-|3-|4-|5-|6-|7-|8-|
|--|--|--|--|--|--|--|--|

Shaker

|1-|2-|3-|4-|5-|6-|7-|8-|
|--|--|--|--|--|--|--|--|

Snare

|1-|2-|3-|4-|5-|6-|7-|8-|
|-X|-X|-X|-X|-X|-X|-X|-X|

Djembe

|1-|2-|3-|4-|5-|6-|7-|8-|
|--|--|--|--|--|--|--|--|

slow offs

Bottom Bass

|1|2|3|4|5|6|7|8|
|-|-|-|-|-|-|-|-|

Mid Bass

|1|2|3|4|5|6|7|8|
|-|-|-|-|-|-|-|-|

Shaker

|1|2|3|4|5|6|7|8|
|-|-|-|-|-|-|-|-|

Snare

|1|2|3|4|5|6|7|8|
|-|X|-|X|-|X|-|X|

Djembe

|1|2|3|4|5|6|7|8|
|-|-|-|-|-|-|-|-|

k-1-bass

Bottom Bass

|1---|2---|3---|4---|5---|6---|7---|8---|
|O-O-|XO--|X---|X---|O-O-|XO--|O-XO|--X-|

Mid Bass

|1---|2---|3---|4---|5---|6---|7---|8---|
|----|----|----|----|----|----|----|----|

Shaker

|1---|2---|3---|4---|5---|6---|7---|8---|
|----|----|----|----|----|----|----|----|

Snare

|1---|2---|3---|4---|5---|6---|7---|8---|
|----|----|----|----|----|----|----|----|

Djembe

|1---|2---|3---|4---|5---|6---|7---|8---|
|----|----|----|----|----|----|----|----|

k-1-midbass

Bottom Bass

|1---|2---|3---|4---|5---|6---|7---|8---|
|----|----|----|----|----|----|----|----|

Mid Bass

|1---|2---|3---|4---|5---|6---|7---|8---|
|X-X-|X-XO|XOO-|O---|X-X-|X--O|O-XO|--X-|

Shaker

|1---|2---|3---|4---|5---|6---|7---|8---|
|----|----|----|----|----|----|----|----|

Snare

|1---|2---|3---|4---|5---|6---|7---|8---|
|----|----|----|----|----|----|----|----|

Djembe

|1---|2---|3---|4---|5---|6---|7---|8---|
|----|----|----|----|----|----|----|----|

k-1-sn

Bottom Bass

|1---|2---|3---|4---|5---|6---|7---|8---|
|----|----|----|----|----|----|----|----|

Mid Bass

|1---|2---|3---|4---|5---|6---|7---|8---|
|----|----|----|----|----|----|----|----|

Shaker

|1---|2---|3---|4---|5---|6---|7---|8---|
|----|----|----|----|----|----|----|----|

Snare

|1---|2---|3---|4---|5---|6---|7---|8---|
|--X-|X---|----|X--X|--X-|X-X-|----|X-XX|

Djembe

|1---|2---|3---|4---|5---|6---|7---|8---|
|----|----|----|----|----|----|----|----|

k-1-djembe

Bottom Bass

|1---|2---|3---|4---|5---|6---|7---|8---|
|----|----|----|----|----|----|----|----|

Mid Bass

|1---|2---|3---|4---|5---|6---|7---|8---|
|----|----|----|----|----|----|----|----|

Shaker

|1---|2---|3---|4---|5---|6---|7---|8---|
|----|----|----|----|----|----|----|----|

Snare

|1---|2---|3---|4---|5---|6---|7---|8---|
|----|----|----|----|----|----|----|----|

Djembe

|1---|2---|3---|4---|5---|6---|7---|8---|
|t-tt|t-S-|--O-|O---|t-O-|tO-t|O-tO|--S-|

k-1-shaker

Bottom Bass

|1---|2---|3---|4---|5---|6---|7---|8---|
|----|----|----|----|----|----|----|----|

Mid Bass

|1---|2---|3---|4---|5---|6---|7---|8---|
|----|----|----|----|----|----|----|----|

Shaker

|1---|2---|3---|4---|5---|6---|7---|8---|
|XXXX|X-X-|----|XXX-|X-X-|--X-|XX-X|X-XX|

Snare

|1---|2---|3---|4---|5---|6---|7---|8---|
|----|----|----|----|----|----|----|----|

Djembe

|1---|2---|3---|4---|5---|6---|7---|8---|
|----|----|----|----|----|----|----|----|

k-2

Bottom Bass

|1---|2---|3---|4---|5---|6---|7---|8---|
|OOO-|X---|X---|X-OO|O---|X---|X---|X---|

Mid Bass

|1---|2---|3---|4---|5---|6---|7---|8---|
|OOO-|X---|X---|X-OO|O---|X---|X---|X---|

Shaker

|1---|2---|3---|4---|5---|6---|7---|8---|
|X-XX|X-XX|XXX-|--X-|X-XX|X-XX|X-X-|--X-|

Snare

|1---|2---|3---|4---|5---|6---|7---|8---|
|X---|X--X|-X-X|X---|X--X|X--X|----|----|

Djembe

|1---|2---|3---|4---|5---|6---|7---|8---|
|OOO-|S---|--tS|-SOO|O-tt|-St-|tt-S|t---|

k-2-bass

Bottom Bass

|1---|2---|3---|4---|5---|6---|7---|8---|
|OOO-|X---|X---|X-OO|O---|X---|X---|X---|

Mid Bass

|1---|2---|3---|4---|5---|6---|7---|8---|
|OOO-|X---|X---|X-OO|O---|X---|X---|X---|

Shaker

|1---|2---|3---|4---|5---|6---|7---|8---|
|----|----|----|----|----|----|----|----|

Snare

|1---|2---|3---|4---|5---|6---|7---|8---|
|----|----|----|----|----|----|----|----|

Djembe

|1---|2---|3---|4---|5---|6---|7---|8---|
|----|----|----|----|----|----|----|----|

k-2-snare

Bottom Bass

|1---|2---|3---|4---|5---|6---|7---|8---|
|----|----|----|----|----|----|----|----|

Mid Bass

|1---|2---|3---|4---|5---|6---|7---|8---|
|----|----|----|----|----|----|----|----|

Shaker

|1---|2---|3---|4---|5---|6---|7---|8---|
|----|----|----|----|----|----|----|----|

Snare

|1---|2---|3---|4---|5---|6---|7---|8---|
|X---|X--X|-X-X|X---|X--X|X--X|----|----|

Djembe

|1---|2---|3---|4---|5---|6---|7---|8---|
|----|----|----|----|----|----|----|----|

k-2-djembe

Bottom Bass

|1---|2---|3---|4---|5---|6---|7---|8---|
|----|----|----|----|----|----|----|----|

Mid Bass

|1---|2---|3---|4---|5---|6---|7---|8---|
|----|----|----|----|----|----|----|----|

Shaker

|1---|2---|3---|4---|5---|6---|7---|8---|
|----|----|----|----|----|----|----|----|

Snare

|1---|2---|3---|4---|5---|6---|7---|8---|
|----|----|----|----|----|----|----|----|

Djembe

|1---|2---|3---|4---|5---|6---|7---|8---|
|OOO-|S---|--tS|-SOO|O-tt|-St-|tt-S|t---|

k-2-shaker

Bottom Bass

|1---|2---|3---|4---|5---|6---|7---|8---|
|----|----|----|----|----|----|----|----|

Mid Bass

|1---|2---|3---|4---|5---|6---|7---|8---|
|----|----|----|----|----|----|----|----|

Shaker

|1---|2---|3---|4---|5---|6---|7---|8---|
|X-XX|X-XX|XXX-|--X-|X-XX|X-XX|X-X-|--X-|

Snare

|1---|2---|3---|4---|5---|6---|7---|8---|
|----|----|----|----|----|----|----|----|

Djembe

|1---|2---|3---|4---|5---|6---|7---|8---|
|----|----|----|----|----|----|----|----|

lightbulb

Bottom Bass

|1-----------|2-----------|3-----------|4-----------|
|O--O--O--O--|O-----------|------------|O---O---O---|

Mid Bass

|1-----------|2-----------|3-----------|4-----------|
|------------|------------|------------|------------|

Shaker

|1-----------|2-----------|3-----------|4-----------|
|------------|------------|------------|------------|

Snare

|1-----------|2-----------|3-----------|4-----------|
|------------|------------|X-----------|------------|

Djembe

|1-----------|2-----------|3-----------|4-----------|
|------------|------------|------------|------------|

break

Bottom Bass

|1-|2-|3-|4-|
|--|--|--|OO|

Mid Bass

|1-|2-|3-|4-|
|--|--|--|--|

Shaker

|1-|2-|3-|4-|
|-X|X-|XX|-X|

Snare

|1-|2-|3-|4-|
|-X|X-|XX|-X|

Djembe

|1-|2-|3-|4-|
|-t|t-|tt|-t|

squash

Bottom Bass

|1|2|3|4|
|O|O|O|O|

Mid Bass

|1|2|3|4|
|-|-|-|-|

Shaker

|1|2|3|4|
|X|X|X|X|

Snare

|1|2|3|4|
|X|X|X|X|

Djembe

|1|2|3|4|
|O|O|O|O|

"
`;

exports[`notation separate garlic 1`] = `
"===== 2mG =====

Stick

|1|2|3|4|
|-|-|-|-|

Kick

|1|2|3|4|
|-|-|-|-|

Stick

|1|2|3|4|
|-|-|-|-|

Stick

|1|2|3|4|
|-|-|-|-|

Kick

|1|2|3|4|
|-|-|-|-|

tom02

|1|2|3|4|
|-|-|-|-|

Snare Jazz

|1|2|3|4|
|-|-|-|-|

Snare 1

|1|2|3|4|
|-|-|-|-|

Djembe4 Slap

|1|2|3|4|
|-|-|-|-|

Djembe4 Tone

|1|2|3|4|
|-|-|-|-|

Djembe4 Bass

|1|2|3|4|
|-|-|-|-|

Shaker

|1|2|3|4|
|-|-|-|-|

Shaker

|1|2|3|4|
|-|-|-|-|

1-a

Stick

|1-|2-|3-|4-|5-|6-|7-|
|X-|-X|-X|-X|X-|X-|X-|

Kick

|1-|2-|3-|4-|5-|6-|7-|
|--|--|--|--|--|--|--|

Stick

|1-|2-|3-|4-|5-|6-|7-|
|--|X-|-X|-X|--|--|--|

Stick

|1-|2-|3-|4-|5-|6-|7-|
|--|--|--|--|--|--|--|

Kick

|1-|2-|3-|4-|5-|6-|7-|
|--|--|--|--|--|--|--|

tom02

|1-|2-|3-|4-|5-|6-|7-|
|--|--|--|--|--|--|--|

Snare Jazz

|1-|2-|3-|4-|5-|6-|7-|
|--|--|--|--|--|--|--|

Snare 1

|1-|2-|3-|4-|5-|6-|7-|
|--|--|--|--|--|--|--|

Djembe4 Slap

|1-|2-|3-|4-|5-|6-|7-|
|--|--|--|--|--|--|--|

Djembe4 Tone

|1-|2-|3-|4-|5-|6-|7-|
|--|--|--|--|--|--|--|

Djembe4 Bass

|1-|2-|3-|4-|5-|6-|7-|
|--|--|--|--|--|--|--|

Shaker

|1-|2-|3-|4-|5-|6-|7-|
|--|X-|--|-X|-X|-X|X-|

Shaker

|1-|2-|3-|4-|5-|6-|7-|
|X-|--|X-|--|--|--|-X|

1-b

Stick

|1-|2-|3-|4-|5-|6-|7-|
|X-|-X|--|X-|-X|X-|X-|

Kick

|1-|2-|3-|4-|5-|6-|7-|
|--|--|--|--|--|--|--|

Stick

|1-|2-|3-|4-|5-|6-|7-|
|--|X-|-X|-X|-X|X-|-X|

Stick

|1-|2-|3-|4-|5-|6-|7-|
|--|--|--|--|--|--|--|

Kick

|1-|2-|3-|4-|5-|6-|7-|
|--|--|--|--|--|--|--|

tom02

|1-|2-|3-|4-|5-|6-|7-|
|--|--|--|--|--|--|--|

Snare Jazz

|1-|2-|3-|4-|5-|6-|7-|
|--|--|--|--|--|--|--|

Snare 1

|1-|2-|3-|4-|5-|6-|7-|
|--|--|--|--|--|--|--|

Djembe4 Slap

|1-|2-|3-|4-|5-|6-|7-|
|--|--|--|--|--|--|--|

Djembe4 Tone

|1-|2-|3-|4-|5-|6-|7-|
|--|--|--|--|--|--|--|

Djembe4 Bass

|1-|2-|3-|4-|5-|6-|7-|
|--|--|--|--|--|--|--|

Shaker

|1-|2-|3-|4-|5-|6-|7-|
|-X|X-|--|--|--|-X|X-|

Shaker

|1-|2-|3-|4-|5-|6-|7-|
|X-|-X|-X|-X|--|--|-X|

2

Stick

|1-|2-|3-|4-|5-|6-|7-|8-|
|XX|-X|X-|--|X-|-X|--|X-|
|XX|X-|--|X-|-X|--|

Kick

|1-|2-|3-|4-|5-|6-|7-|8-|
|--|--|--|--|--|--|--|--|
|--|--|--|--|--|--|

Stick

|1-|2-|3-|4-|5-|6-|7-|8-|
|--|X-|--|X-|--|X-|XX|--|
|X-|--|X-|--|X-|XX|

Stick

|1-|2-|3-|4-|5-|6-|7-|8-|
|--|--|--|--|--|--|--|--|
|--|--|--|--|--|--|

Kick

|1-|2-|3-|4-|5-|6-|7-|8-|
|--|--|--|--|--|--|--|--|
|--|--|--|--|--|--|

tom02

|1-|2-|3-|4-|5-|6-|7-|8-|
|--|--|--|--|--|--|--|--|
|--|--|--|--|--|--|

Snare Jazz

|1-|2-|3-|4-|5-|6-|7-|8-|
|--|--|--|--|--|--|--|--|
|--|--|--|--|--|--|

Snare 1

|1-|2-|3-|4-|5-|6-|7-|8-|
|--|--|--|--|--|--|--|--|
|--|--|--|--|--|--|

Djembe4 Slap

|1-|2-|3-|4-|5-|6-|7-|8-|
|--|--|--|--|--|--|--|--|
|--|--|--|--|--|--|

Djembe4 Tone

|1-|2-|3-|4-|5-|6-|7-|8-|
|--|--|--|--|--|--|--|--|
|--|--|--|--|--|--|

Djembe4 Bass

|1-|2-|3-|4-|5-|6-|7-|8-|
|--|X-|-X|--|--|X-|X-|--|
|X-|-X|--|--|X-|X-|

Shaker

|1-|2-|3-|4-|5-|6-|7-|8-|
|-X|--|X-|--|-X|--|--|-X|
|--|X-|--|-X|--|--|

Shaker

|1-|2-|3-|4-|5-|6-|7-|8-|
|X-|-X|--|--|X-|-X|--|X-|
|-X|--|--|X-|-X|--|

Acropolice

Stick

|1-|2-|3-|4-|5-|6-|7-|
|X-|X-|--|X-|X-|--|--|

Kick

|1-|2-|3-|4-|5-|6-|7-|
|--|--|--|--|--|--|--|

Stick

|1-|2-|3-|4-|5-|6-|7-|
|X-|-X|-X|--|--|X-|--|

Stick

|1-|2-|3-|4-|5-|6-|7-|
|--|--|--|--|--|--|--|

Kick

|1-|2-|3-|4-|5-|6-|7-|
|--|--|--|--|--|--|--|

tom02

|1-|2-|3-|4-|5-|6-|7-|
|--|--|--|--|--|--|--|

Snare Jazz

|1-|2-|3-|4-|5-|6-|7-|
|--|--|--|--|--|--|--|

Snare 1

|1-|2-|3-|4-|5-|6-|7-|
|--|--|--|--|--|--|--|

Djembe4 Slap

|1-|2-|3-|4-|5-|6-|7-|
|--|--|--|--|--|--|--|

Djembe4 Tone

|1-|2-|3-|4-|5-|6-|7-|
|--|--|--|--|--|--|--|

Djembe4 Bass

|1-|2-|3-|4-|5-|6-|7-|
|--|--|--|--|--|--|--|

Shaker

|1-|2-|3-|4-|5-|6-|7-|
|--|--|--|--|--|--|--|

Shaker

|1-|2-|3-|4-|5-|6-|7-|
|--|--|--|--|--|--|--|

break1-v2

Stick

|1-|2-|3-|4-|5-|6-|7-|
|X-|-X|--|X-|-X|--|X-|

Kick

|1-|2-|3-|4-|5-|6-|7-|
|--|--|--|--|--|--|--|

Stick

|1-|2-|3-|4-|5-|6-|7-|
|--|X-|-X|--|X-|-X|-X|

Stick

|1-|2-|3-|4-|5-|6-|7-|
|--|--|--|--|--|--|--|

Kick

|1-|2-|3-|4-|5-|6-|7-|
|--|--|--|--|--|--|--|

tom02

|1-|2-|3-|4-|5-|6-|7-|
|--|--|--|--|--|--|--|

Snare Jazz

|1-|2-|3-|4-|5-|6-|7-|
|--|--|--|--|--|--|--|

Snare 1

|1-|2-|3-|4-|5-|6-|7-|
|--|--|--|--|--|--|--|

Djembe4 Slap

|1-|2-|3-|4-|5-|6-|7-|
|--|--|--|--|--|--|--|

Djembe4 Tone

|1-|2-|3-|4-|5-|6-|7-|
|--|--|--|--|--|--|--|

Djembe4 Bass

|1-|2-|3-|4-|5-|6-|7-|
|--|--|--|--|--|--|--|

Shaker

|1-|2-|3-|4-|5-|6-|7-|
|--|X-|-X|--|X-|-X|-X|

Shaker

|1-|2-|3-|4-|5-|6-|7-|
|X-|-X|--|X-|-X|--|X-|

break2

Stick

|1-|2-|3-|4-|5-|6-|7-|
|XX|-X|X-|XX|-X|X-|XX|

Kick

|1-|2-|3-|4-|5-|6-|7-|
|--|--|--|--|--|--|--|

Stick

|1-|2-|3-|4-|5-|6-|7-|
|--|--|--|--|--|--|--|

Stick

|1-|2-|3-|4-|5-|6-|7-|
|--|--|--|--|--|--|--|

Kick

|1-|2-|3-|4-|5-|6-|7-|
|--|--|--|--|--|--|--|

tom02

|1-|2-|3-|4-|5-|6-|7-|
|--|--|--|--|--|--|--|

Snare Jazz

|1-|2-|3-|4-|5-|6-|7-|
|--|--|--|--|--|--|--|

Snare 1

|1-|2-|3-|4-|5-|6-|7-|
|--|--|--|--|--|--|--|

Djembe4 Slap

|1-|2-|3-|4-|5-|6-|7-|
|--|--|--|--|--|--|--|

Djembe4 Tone

|1-|2-|3-|4-|5-|6-|7-|
|--|--|--|--|--|--|--|

Djembe4 Bass

|1-|2-|3-|4-|5-|6-|7-|
|--|--|--|--|--|--|--|

Shaker

|1-|2-|3-|4-|5-|6-|7-|
|--|--|--|--|--|--|--|

Shaker

|1-|2-|3-|4-|5-|6-|7-|
|XX|-X|X-|XX|-X|X-|XX|

"
`;

exports[`notation separate kuva 1`] = `
"= kivakovakivikuva =

Stick

|1|2|3|4|
|-|-|-|-|

Kick

|1|2|3|4|
|-|-|-|-|

Stick

|1|2|3|4|
|-|-|-|-|

Stick

|1|2|3|4|
|-|-|-|-|

Kick

|1|2|3|4|
|-|-|-|-|

tom02

|1|2|3|4|
|-|-|-|-|

Snare Jazz

|1|2|3|4|
|-|-|-|-|

Snare 1

|1|2|3|4|
|-|-|-|-|

Djembe4 Slap

|1|2|3|4|
|-|-|-|-|

Djembe4 Tone

|1|2|3|4|
|-|-|-|-|

Djembe4 Bass

|1|2|3|4|
|-|-|-|-|

Shaker

|1|2|3|4|
|-|-|-|-|

Shaker

|1|2|3|4|
|-|-|-|-|

k-1

Stick

|1---|2---|3---|4---|5---|6---|7---|8---|
|X-X-|-X--|----|----|X-X-|-X--|X--X|----|

Kick

|1---|2---|3---|4---|5---|6---|7---|8---|
|X-X-|X-X-|X---|----|X-X-|X---|--X-|--X-|

Stick

|1---|2---|3---|4---|5---|6---|7---|8---|
|--X-|X---|----|X--X|--X-|X-X-|----|X-XX|

Stick

|1---|2---|3---|4---|5---|6---|7---|8---|
|----|----|----|----|----|----|----|----|

Kick

|1---|2---|3---|4---|5---|6---|7---|8---|
|----|----|----|----|----|----|----|----|

tom02

|1---|2---|3---|4---|5---|6---|7---|8---|
|----|----|----|----|----|----|----|----|

Snare Jazz

|1---|2---|3---|4---|5---|6---|7---|8---|
|----|----|----|----|----|----|----|----|

Snare 1

|1---|2---|3---|4---|5---|6---|7---|8---|
|----|----|----|----|----|----|----|----|

Djembe4 Slap

|1---|2---|3---|4---|5---|6---|7---|8---|
|----|----|----|----|----|----|----|----|

Djembe4 Tone

|1---|2---|3---|4---|5---|6---|7---|8---|
|----|----|----|----|----|----|----|----|

Djembe4 Bass

|1---|2---|3---|4---|5---|6---|7---|8---|
|----|--X-|----|----|----|----|----|--X-|

Shaker

|1---|2---|3---|4---|5---|6---|7---|8---|
|X-XX|X---|----|----|X---|X--X|--X-|----|

Shaker

|1---|2---|3---|4---|5---|6---|7---|8---|
|----|----|--X-|X---|--X-|-X--|X--X|----|

fast-offs

Stick

|1-|2-|3-|4-|5-|6-|7-|8-|
|--|--|--|--|--|--|--|--|

Kick

|1-|2-|3-|4-|5-|6-|7-|8-|
|--|--|--|--|--|--|--|--|

Stick

|1-|2-|3-|4-|5-|6-|7-|8-|
|-X|-X|-X|-X|-X|-X|-X|-X|

Stick

|1-|2-|3-|4-|5-|6-|7-|8-|
|--|--|--|--|--|--|--|--|

Kick

|1-|2-|3-|4-|5-|6-|7-|8-|
|--|--|--|--|--|--|--|--|

tom02

|1-|2-|3-|4-|5-|6-|7-|8-|
|--|--|--|--|--|--|--|--|

Snare Jazz

|1-|2-|3-|4-|5-|6-|7-|8-|
|--|--|--|--|--|--|--|--|

Snare 1

|1-|2-|3-|4-|5-|6-|7-|8-|
|--|--|--|--|--|--|--|--|

Djembe4 Slap

|1-|2-|3-|4-|5-|6-|7-|8-|
|--|--|--|--|--|--|--|--|

Djembe4 Tone

|1-|2-|3-|4-|5-|6-|7-|8-|
|--|--|--|--|--|--|--|--|

Djembe4 Bass

|1-|2-|3-|4-|5-|6-|7-|8-|
|--|--|--|--|--|--|--|--|

Shaker

|1-|2-|3-|4-|5-|6-|7-|8-|
|--|--|--|--|--|--|--|--|

Shaker

|1-|2-|3-|4-|5-|6-|7-|8-|
|--|--|--|--|--|--|--|--|

slow offs

Stick

|1|2|3|4|5|6|7|8|
|-|-|-|-|-|-|-|-|

Kick

|1|2|3|4|5|6|7|8|
|-|-|-|-|-|-|-|-|

Stick

|1|2|3|4|5|6|7|8|
|-|X|-|X|-|X|-|X|

Stick

|1|2|3|4|5|6|7|8|
|-|-|-|-|-|-|-|-|

Kick

|1|2|3|4|5|6|7|8|
|-|-|-|-|-|-|-|-|

tom02

|1|2|3|4|5|6|7|8|
|-|-|-|-|-|-|-|-|

Snare Jazz

|1|2|3|4|5|6|7|8|
|-|-|-|-|-|-|-|-|

Snare 1

|1|2|3|4|5|6|7|8|
|-|-|-|-|-|-|-|-|

Djembe4 Slap

|1|2|3|4|5|6|7|8|
|-|-|-|-|-|-|-|-|

Djembe4 Tone

|1|2|3|4|5|6|7|8|
|-|-|-|-|-|-|-|-|

Djembe4 Bass

|1|2|3|4|5|6|7|8|
|-|-|-|-|-|-|-|-|

Shaker

|1|2|3|4|5|6|7|8|
|-|-|-|-|-|-|-|-|

Shaker

|1|2|3|4|5|6|7|8|
|-|-|-|-|-|-|-|-|

k-1-bass

Stick

|1---|2---|3---|4---|5---|6---|7---|8---|
|X-X-|-X--|----|----|X-X-|-X--|X--X|----|

Kick

|1---|2---|3---|4---|5---|6---|7---|8---|
|----|----|----|----|----|----|----|----|

Stick

|1---|2---|3---|4---|5---|6---|7---|8---|
|----|----|----|----|----|----|----|----|

Stick

|1---|2---|3---|4---|5---|6---|7---|8---|
|----|----|----|----|----|----|----|----|

Kick

|1---|2---|3---|4---|5---|6---|7---|8---|
|----|----|----|----|----|----|----|----|

tom02

|1---|2---|3---|4---|5---|6---|7---|8---|
|----|----|----|----|----|----|----|----|

Snare Jazz

|1---|2---|3---|4---|5---|6---|7---|8---|
|----|----|----|----|----|----|----|----|

Snare 1

|1---|2---|3---|4---|5---|6---|7---|8---|
|----|----|----|----|----|----|----|----|

Djembe4 Slap

|1---|2---|3---|4---|5---|6---|7---|8---|
|----|----|----|----|----|----|----|----|

Djembe4 Tone

|1---|2---|3---|4---|5---|6---|7---|8---|
|----|----|----|----|----|----|----|----|

Djembe4 Bass

|1---|2---|3---|4---|5---|6---|7---|8---|
|----|----|----|----|----|----|----|----|

Shaker

|1---|2---|3---|4---|5---|6---|7---|8---|
|----|----|----|----|----|----|----|----|

Shaker

|1---|2---|3---|4---|5---|6---|7---|8---|
|----|----|----|----|----|----|----|----|

k-1-midbass

Stick

|1---|2---|3---|4---|5---|6---|7---|8---|
|----|----|----|----|----|----|----|----|

Kick

|1---|2---|3---|4---|5---|6---|7---|8---|
|X-X-|X-X-|X---|----|X-X-|X---|--X-|--X-|

Stick

|1---|2---|3---|4---|5---|6---|7---|8---|
|----|----|----|----|----|----|----|----|

Stick

|1---|2---|3---|4---|5---|6---|7---|8---|
|----|----|----|----|----|----|----|----|

Kick

|1---|2---|3---|4---|5---|6---|7---|8---|
|----|----|----|----|----|----|----|----|

tom02

|1---|2---|3---|4---|5---|6---|7---|8---|
|----|----|----|----|----|----|----|----|

Snare Jazz

|1---|2---|3---|4---|5---|6---|7---|8---|
|----|----|----|----|----|----|----|----|

Snare 1

|1---|2---|3---|4---|5---|6---|7---|8---|
|----|----|----|----|----|----|----|----|

Djembe4 Slap

|1---|2---|3---|4---|5---|6---|7---|8---|
|----|----|----|----|----|----|----|----|

Djembe4 Tone

|1---|2---|3---|4---|5---|6---|7---|8---|
|----|----|----|----|----|----|----|----|

Djembe4 Bass

|1---|2---|3---|4---|5---|6---|7---|8---|
|----|----|----|----|----|----|----|----|

Shaker

|1---|2---|3---|4---|5---|6---|7---|8---|
|----|----|----|----|----|----|----|----|

Shaker

|1---|2---|3---|4---|5---|6---|7---|8---|
|----|----|----|----|----|----|----|----|

k-1-sn

Stick

|1---|2---|3---|4---|5---|6---|7---|8---|
|----|----|----|----|----|----|----|----|

Kick

|1---|2---|3---|4---|5---|6---|7---|8---|
|----|----|----|----|----|----|----|----|

Stick

|1---|2---|3---|4---|5---|6---|7---|8---|
|--X-|X---|----|X--X|--X-|X-X-|----|X-XX|

Stick

|1---|2---|3---|4---|5---|6---|7---|8---|
|----|----|----|----|----|----|----|----|

Kick

|1---|2---|3---|4---|5---|6---|7---|8---|
|----|----|----|----|----|----|----|----|

tom02

|1---|2---|3---|4---|5---|6---|7---|8---|
|----|----|----|----|----|----|----|----|

Snare Jazz

|1---|2---|3---|4---|5---|6---|7---|8---|
|----|----|----|----|----|----|----|----|

Snare 1

|1---|2---|3---|4---|5---|6---|7---|8---|
|----|----|----|----|----|----|----|----|

Djembe4 Slap

|1---|2---|3---|4---|5---|6---|7---|8---|
|----|----|----|----|----|----|----|----|

Djembe4 Tone

|1---|2---|3---|4---|5---|6---|7---|8---|
|----|----|----|----|----|----|----|----|

Djembe4 Bass

|1---|2---|3---|4---|5---|6---|7---|8---|
|----|----|----|----|----|----|----|----|

Shaker

|1---|2---|3---|4---|5---|6---|7---|8---|
|----|----|----|----|----|----|----|----|

Shaker

|1---|2---|3---|4---|5---|6---|7---|8---|
|----|----|----|----|----|----|----|----|

k-1-djembe

Stick

|1---|2---|3---|4---|5---|6---|7---|8---|
|----|----|----|----|----|----|----|----|

Kick

|1---|2---|3---|4---|5---|6---|7---|8---|
|----|----|----|----|----|----|----|----|

Stick

|1---|2---|3---|4---|5---|6---|7---|8---|
|----|----|----|----|----|----|----|----|

Stick

|1---|2---|3---|4---|5---|6---|7---|8---|
|----|----|----|----|----|----|----|----|

Kick

|1---|2---|3---|4---|5---|6---|7---|8---|
|----|----|----|----|----|----|----|----|

tom02

|1---|2---|3---|4---|5---|6---|7---|8---|
|----|----|----|----|----|----|----|----|

Snare Jazz

|1---|2---|3---|4---|5---|6---|7---|8---|
|----|----|----|----|----|----|----|----|

Snare 1

|1---|2---|3---|4---|5---|6---|7---|8---|
|----|----|----|----|----|----|----|----|

Djembe4 Slap

|1---|2---|3---|4---|5---|6---|7---|8---|
|----|----|----|----|----|----|----|----|

Djembe4 Tone

|1---|2---|3---|4---|5---|6---|7---|8---|
|----|----|----|----|----|----|----|----|

Djembe4 Bass

|1---|2---|3---|4---|5---|6---|7---|8---|
|----|--X-|----|----|----|----|----|--X-|

Shaker

|1---|2---|3---|4---|5---|6---|7---|8---|
|X-XX|X---|----|----|X---|X--X|--X-|----|

Shaker

|1---|2---|3---|4---|5---|6---|7---|8---|
|----|----|--X-|X---|--X-|-X--|X--X|----|

k-1-shaker

Stick

|1---|2---|3---|4---|5---|6---|7---|8---|
|----|----|----|----|----|----|----|----|

Kick

|1---|2---|3---|4---|5---|6---|7---|8---|
|----|----|----|----|----|----|----|----|

Stick

|1---|2---|3---|4---|5---|6---|7---|8---|
|----|----|----|----|----|----|----|----|

Stick

|1---|2---|3---|4---|5---|6---|7---|8---|
|----|----|----|----|----|----|----|----|

Kick

|1---|2---|3---|4---|5---|6---|7---|8---|
|----|----|----|----|----|----|----|----|

tom02

|1---|2---|3---|4---|5---|6---|7---|8---|
|----|----|----|----|----|----|----|----|

Snare Jazz

|1---|2---|3---|4---|5---|6---|7---|8---|
|----|----|----|----|----|----|----|----|

Snare 1

|1---|2---|3---|4---|5---|6---|7---|8---|
|----|----|----|----|----|----|----|----|

Djembe4 Slap

|1---|2---|3---|4---|5---|6---|7---|8---|
|----|----|----|----|----|----|----|----|

Djembe4 Tone

|1---|2---|3---|4---|5---|6---|7---|8---|
|----|----|----|----|----|----|----|----|

Djembe4 Bass

|1---|2---|3---|4---|5---|6---|7---|8---|
|----|----|----|----|----|----|----|----|

Shaker

|1---|2---|3---|4---|5---|6---|7---|8---|
|----|----|----|----|----|----|----|----|

Shaker

|1---|2---|3---|4---|5---|6---|7---|8---|
|----|----|----|----|----|----|----|----|

k-2

Stick

|1---|2---|3---|4---|5---|6---|7---|8---|
|XXX-|----|----|--XX|X---|----|----|----|

Kick

|1---|2---|3---|4---|5---|6---|7---|8---|
|----|X---|X---|X---|----|X---|X---|X---|

Stick

|1---|2---|3---|4---|5---|6---|7---|8---|
|X---|X--X|-X-X|X---|X--X|X--X|----|----|

Stick

|1---|2---|3---|4---|5---|6---|7---|8---|
|----|----|----|----|----|----|----|----|

Kick

|1---|2---|3---|4---|5---|6---|7---|8---|
|----|----|----|----|----|----|----|----|

tom02

|1---|2---|3---|4---|5---|6---|7---|8---|
|----|----|----|----|----|----|----|----|

Snare Jazz

|1---|2---|3---|4---|5---|6---|7---|8---|
|----|----|----|----|----|----|----|----|

Snare 1

|1---|2---|3---|4---|5---|6---|7---|8---|
|----|----|----|----|----|----|----|----|

Djembe4 Slap

|1---|2---|3---|4---|5---|6---|7---|8---|
|----|----|----|----|----|----|----|----|

Djembe4 Tone

|1---|2---|3---|4---|5---|6---|7---|8---|
|----|----|----|----|----|----|----|----|

Djembe4 Bass

|1---|2---|3---|4---|5---|6---|7---|8---|
|----|X---|---X|-X--|----|-X--|---X|----|

Shaker

|1---|2---|3---|4---|5---|6---|7---|8---|
|----|----|--X-|----|--XX|--X-|XX--|X---|

Shaker

|1---|2---|3---|4---|5---|6---|7---|8---|
|XXX-|----|----|--XX|X---|----|----|----|

k-2-bass

Stick

|1---|2---|3---|4---|5---|6---|7---|8---|
|XXX-|----|----|--XX|X---|----|----|----|

Kick

|1---|2---|3---|4---|5---|6---|7---|8---|
|----|X---|X---|X---|----|X---|X---|X---|

Stick

|1---|2---|3---|4---|5---|6---|7---|8---|
|----|----|----|----|----|----|----|----|

Stick

|1---|2---|3---|4---|5---|6---|7---|8---|
|----|----|----|----|----|----|----|----|

Kick

|1---|2---|3---|4---|5---|6---|7---|8---|
|----|----|----|----|----|----|----|----|

tom02

|1---|2---|3---|4---|5---|6---|7---|8---|
|----|----|----|----|----|----|----|----|

Snare Jazz

|1---|2---|3---|4---|5---|6---|7---|8---|
|----|----|----|----|----|----|----|----|

Snare 1

|1---|2---|3---|4---|5---|6---|7---|8---|
|----|----|----|----|----|----|----|----|

Djembe4 Slap

|1---|2---|3---|4---|5---|6---|7---|8---|
|----|----|----|----|----|----|----|----|

Djembe4 Tone

|1---|2---|3---|4---|5---|6---|7---|8---|
|----|----|----|----|----|----|----|----|

Djembe4 Bass

|1---|2---|3---|4---|5---|6---|7---|8---|
|----|----|----|----|----|----|----|----|

Shaker

|1---|2---|3---|4---|5---|6---|7---|8---|
|----|----|----|----|----|----|----|----|

Shaker

|1---|2---|3---|4---|5---|6---|7---|8---|
|----|----|----|----|----|----|----|----|

k-2-snare

Stick

|1---|2---|3---|4---|5---|6---|7---|8---|
|----|----|----|----|----|----|----|----|

Kick

|1---|2---|3---|4---|5---|6---|7---|8---|
|----|----|----|----|----|----|----|----|

Stick

|1---|2---|3---|4---|5---|6---|7---|8---|
|X---|X--X|-X-X|X---|X--X|X--X|----|----|

Stick

|1---|2---|3---|4---|5---|6---|7---|8---|
|----|----|----|----|----|----|----|----|

Kick

|1---|2---|3---|4---|5---|6---|7---|8---|
|----|----|----|----|----|----|----|----|

tom02

|1---|2---|3---|4---|5---|6---|7---|8---|
|----|----|----|----|----|----|----|----|

Snare Jazz

|1---|2---|3---|4---|5---|6---|7---|8---|
|----|----|----|----|----|----|----|----|

Snare 1

|1---|2---|3---|4---|5---|6---|7---|8---|
|----|----|----|----|----|----|----|----|

Djembe4 Slap

|1---|2---|3---|4---|5---|6---|7---|8---|
|----|----|----|----|----|----|----|----|

Djembe4 Tone

|1---|2---|3---|4---|5---|6---|7---|8---|
|----|----|----|----|----|----|----|----|

Djembe4 Bass

|1---|2---|3---|4---|5---|6---|7---|8---|
|----|----|----|----|----|----|----|----|

Shaker

|1---|2---|3---|4---|5---|6---|7---|8---|
|----|----|----|----|----|----|----|----|

Shaker

|1---|2---|3---|4---|5---|6---|7---|8---|
|----|----|----|----|----|----|----|----|

k-2-djembe

Stick

|1---|2---|3---|4---|5---|6---|7---|8---|
|----|----|----|----|----|----|----|----|

Kick

|1---|2---|3---|4---|5---|6---|7---|8---|
|----|----|----|----|----|----|----|----|

Stick

|1---|2---|3---|4---|5---|6---|7---|8---|
|----|----|----|----|----|----|----|----|

Stick

|1---|2---|3---|4---|5---|6---|7---|8---|
|----|----|----|----|----|----|----|----|

Kick

|1---|2---|3---|4---|5---|6---|7---|8---|
|----|----|----|----|----|----|----|----|

tom02

|1---|2---|3---|4---|5---|6---|7---|8---|
|----|----|----|----|----|----|----|----|

Snare Jazz

|1---|2---|3---|4---|5---|6---|7---|8---|
|----|----|----|----|----|----|----|----|

Snare 1

|1---|2---|3---|4---|5---|6---|7---|8---|
|----|----|----|----|----|----|----|----|

Djembe4 Slap

|1---|2---|3---|4---|5---|6---|7---|8---|
|----|----|----|----|----|----|----|----|

Djembe4 Tone

|1---|2---|3---|4---|5---|6---|7---|8---|
|----|----|----|----|----|----|----|----|

Djembe4 Bass

|1---|2---|3---|4---|5---|6---|7---|8---|
|----|X---|---X|-X--|----|-X--|---X|----|

Shaker

|1---|2---|3---|4---|5---|6---|7---|8---|
|----|----|--X-|----|--XX|--X-|XX--|X---|

Shaker

|1---|2---|3---|4---|5---|6---|7---|8---|
|XXX-|----|----|--XX|X---|----|----|----|

k-2-shaker

Stick

|1---|2---|3---|4---|5---|6---|7---|8---|
|----|----|----|----|----|----|----|----|

Kick

|1---|2---|3---|4---|5---|6---|7---|8---|
|----|----|----|----|----|----|----|----|

Stick

|1---|2---|3---|4---|5---|6---|7---|8---|
|----|----|----|----|----|----|----|----|

Stick

|1---|2---|3---|4---|5---|6---|7---|8---|
|----|----|----|----|----|----|----|----|

Kick

|1---|2---|3---|4---|5---|6---|7---|8---|
|----|----|----|----|----|----|----|----|

tom02

|1---|2---|3---|4---|5---|6---|7---|8---|
|----|----|----|----|----|----|----|----|

Snare Jazz

|1---|2---|3---|4---|5---|6---|7---|8---|
|----|----|----|----|----|----|----|----|

Snare 1

|1---|2---|3---|4---|5---|6---|7---|8---|
|----|----|----|----|----|----|----|----|

Djembe4 Slap

|1---|2---|3---|4---|5---|6---|7---|8---|
|----|----|----|----|----|----|----|----|

Djembe4 Tone

|1---|2---|3---|4---|5---|6---|7---|8---|
|----|----|----|----|----|----|----|----|

Djembe4 Bass

|1---|2---|3---|4---|5---|6---|7---|8---|
|----|----|----|----|----|----|----|----|

Shaker

|1---|2---|3---|4---|5---|6---|7---|8---|
|----|----|----|----|----|----|----|----|

Shaker

|1---|2---|3---|4---|5---|6---|7---|8---|
|----|----|----|----|----|----|----|----|

lightbulb

Stick

|1-----------|2-----------|3-----------|4-----------|
|X--X--X--X--|X-----------|------------|X---X---X---|

Kick

|1-----------|2-----------|3-----------|4-----------|
|------------|------------|------------|------------|

Stick

|1-----------|2-----------|3-----------|4-----------|
|------------|------------|X-----------|------------|

Stick

|1-----------|2-----------|3-----------|4-----------|
|------------|------------|------------|------------|

Kick

|1-----------|2-----------|3-----------|4-----------|
|------------|------------|------------|------------|

tom02

|1-----------|2-----------|3-----------|4-----------|
|------------|------------|------------|------------|

Snare Jazz

|1-----------|2-----------|3-----------|4-----------|
|------------|------------|------------|------------|

Snare 1

|1-----------|2-----------|3-----------|4-----------|
|------------|------------|------------|------------|

Djembe4 Slap

|1-----------|2-----------|3-----------|4-----------|
|------------|------------|------------|------------|

Djembe4 Tone

|1-----------|2-----------|3-----------|4-----------|
|------------|------------|------------|------------|

Djembe4 Bass

|1-----------|2-----------|3-----------|4-----------|
|------------|------------|------------|------------|

Shaker

|1-----------|2-----------|3-----------|4-----------|
|------------|------------|------------|------------|

Shaker

|1-----------|2-----------|3-----------|4-----------|
|------------|------------|------------|------------|

break

Stick

|1-|2-|3-|4-|
|--|--|--|XX|

Kick

|1-|2-|3-|4-|
|--|--|--|--|

Stick

|1-|2-|3-|4-|
|-X|X-|XX|-X|

Stick

|1-|2-|3-|4-|
|--|--|--|--|

Kick

|1-|2-|3-|4-|
|--|--|--|--|

tom02

|1-|2-|3-|4-|
|--|--|--|--|

Snare Jazz

|1-|2-|3-|4-|
|--|--|--|--|

Snare 1

|1-|2-|3-|4-|
|--|--|--|--|

Djembe4 Slap

|1-|2-|3-|4-|
|--|--|--|--|

Djembe4 Tone

|1-|2-|3-|4-|
|--|--|--|--|

Djembe4 Bass

|1-|2-|3-|4-|
|--|--|--|--|

Shaker

|1-|2-|3-|4-|
|-X|X-|XX|-X|

Shaker

|1-|2-|3-|4-|
|--|--|--|--|

squash

Stick

|1|2|3|4|
|X|X|X|X|

Kick

|1|2|3|4|
|-|-|-|-|

Stick

|1|2|3|4|
|X|X|X|X|

Stick

|1|2|3|4|
|-|-|-|-|

Kick

|1|2|3|4|
|-|-|-|-|

tom02

|1|2|3|4|
|-|-|-|-|

Snare Jazz

|1|2|3|4|
|-|-|-|-|

Snare 1

|1|2|3|4|
|-|-|-|-|

Djembe4 Slap

|1|2|3|4|
|-|-|-|-|

Djembe4 Tone

|1|2|3|4|
|-|-|-|-|

Djembe4 Bass

|1|2|3|4|
|-|-|-|-|

Shaker

|1|2|3|4|
|-|-|-|-|

Shaker

|1|2|3|4|
|X|X|X|X|

"
`;
